<?xml version="1.0" encoding="utf-8"?><testsuites><testsuite errors="0" failures="0" hostname="tester-m" name="pytest" skipped="0" tests="3" time="13.404" timestamp="2020-06-20T12:45:09.954349"><testcase classname="test.test_formater.TestFormater" file="test/test_formater.py" line="5" name="test_plain_uppercase" time="0.002"></testcase><testcase classname="test.test_views.FlaskrTestCase" file="test/test_views.py" line="15" name="test_msg_with_output" time="0.024"></testcase><testcase classname="test.test_views.FlaskrTestCase" file="test/test_views.py" line="10" name="test_outputs" time="0.014"></testcase></testsuite></testsuites>